// Jest Snapshot v1, https://goo.gl/fbAQLP

exports[`createDescription generates the expected HTML 1`] = `
<div
  class="task-details"
  style="display: none;"
>
  <div
    class="labelAndAttribute"
  >
    <label>
      Description: 
    </label>
    <p>
      This is a task
    </p>
  </div>
  <div
    class="labelAndAttribute"
  >
    <label>
      Assignee: 
    </label>
    <p>
      John Doe
    </p>
  </div>
  <div
    class="labelAndAttribute"
  >
    <label>
      Priority: 
    </label>
    <p>
      High
    </p>
  </div>
  <div
    class="labelAndAttribute"
  >
    <label>
      StartDate: 
    </label>
    <p>
      2022-01-01
    </p>
  </div>
  <div
    class="labelAndAttribute"
  >
    <label>
      EndDate: 
    </label>
    <p>
      2022-01-31
    </p>
  </div>
  <div
    class="labelAndAttribute"
  >
    <label>
      Status: 
    </label>
    <p>
      Open
    </p>
  </div>
</div>
`;
